C51 COMPILER V9.60.7.0   MAIN                                                              09/11/2023 14:09:45 PAGE 1   


C51 COMPILER V9.60.7.0, COMPILATION OF MODULE MAIN
OBJECT MODULE PLACED IN .\Objects\main.obj
COMPILER INVOKED BY: D:\8051\C51\BIN\C51.EXE main.c OPTIMIZE(8,SPEED) BROWSE DEBUG OBJECTEXTEND PRINT(.\Listings\main.ls
                    -t) TABS(2) OBJECT(.\Objects\main.obj)

line level    source

   1          #include <at89x52.h>
   2          unsigned char led[10]={0x3f, 0x06, 0x5b, 0x4f, 0x66, 0x6d, 0x7d, 0x07, 0x7f, 0x6f};
   3          int i,j,n;
   4          
   5          void delay(unsigned int
   6          ms)
   7          {
   8   1        unsigned int p,k;
   9   1        for (p=0;p<ms;p++)
  10   1          for (k=0;k<120;k++)
  11   1          {}
  12   1      }
  13          
  14          void main()
  15          {
  16   1        while(1)
  17   1        {
  18   2          for(j=0; j<=9; j++)
  19   2          {
  20   3          for(i=0; i<=9; i++)
  21   3            {
  22   4              for(n=0; n<20; n++)
  23   4              {
  24   5              P2=0x04;
  25   5              P0= led[j];
  26   5              delay(5);
  27   5              P2=0x00;
  28   5              P0= led[i];
  29   5              delay(5);
  30   5              }
  31   4            }
  32   3          }
  33   2        }
  34   1      }


MODULE INFORMATION:   STATIC OVERLAYABLE
   CODE SIZE        =    138    ----
   CONSTANT SIZE    =   ----    ----
   XDATA SIZE       =   ----    ----
   PDATA SIZE       =   ----    ----
   DATA SIZE        =     16    ----
   IDATA SIZE       =   ----    ----
   BIT SIZE         =   ----    ----
END OF MODULE INFORMATION.


C51 COMPILATION COMPLETE.  0 WARNING(S),  0 ERROR(S)
